Testing JobScraper...
Error fetching/parsing jobs: name 'datetime' is not defined
Found 0 total tech jobs.
Error fetching/parsing jobs: name 'datetime' is not defined
Found 0 jobs posted today (based on local time).
